[
	{
		"result": "ok"
	},
	{
		"result": "ok"
	},
	{
		"result": "ok",
		"sid": 1,
		"userId": 1
	},
	{
		"result": "ok"
	},
	{
		"result": "ok",
		"messages": [{"id": 1, "text": "hello!", "time": 1, "username": "user1"}]
	},
	{
		"result": "ok"
	},
	{
		"result": "ok",
		"messages": [{"id": 1, "text": "hello!", "time": 1, "username": "user1"}, 
				{"id": 2, "text": "hello again!", "time": 2, "username": "user1"}]
	}
]