	[
		{
		"result": "ok"
	},
	{
		"result": "ok"
	},
	{
		"result": "ok", 
		"sid": 1
	},
	{
		"result": "ok"
	},
	{
		"result": "ok", 
		"sid": 2
	},
	{
		"result": "ok"
	},
	{
		"result": "ok", 
		"sid": 3
	},
	{
		"result": "ok"
	},
	{
		"result": "ok", 
		"sid": 4
	},
	{
		"result": "ok"
	},
	{
		"result": "ok", 
		"sid": 5
	},
	{
		"result": "badUserSid"		
	},
	{
		"result": "badMapId"		
	},
	{
		"result": "badJson"		
	},
	{
		"result": "ok"
	},
	{
		"result": "badGameName"
	},
	{
		"result": "ok",
		"gameId": 1,
		"regions": []
	},
	{
		"result": "gameNameTaken"
	},
	{
		"result": "alreadyInGame"
	},
	{
		"result": "ok",
		"gameId": 3,
		"regions": []
	},
	{
		"result": "alreadyInGame"
	},
	{
		"result": "alreadyInGame"
	}
]