[	
	{
		"result": "ok"
	},{
		"result": "ok"
	},
	{
		"result": "ok"
	},
	{
		"result": "ok",
		"sid": 1,  "userId": 1
	},
	{
		"result": "ok"
	},
	{
		"result": "ok",
		"sid": 2,  "userId": 2
	},
	{
		"result": "ok"
	},
	{
		"result": "ok",
		"sid": 3,  "userId": 3
	},
	{
		"result": "ok",
		"gameId": 1
	},
	{
		"result": "ok",
		"gameId": 2
	},
	{
		"result": "alreadyInGame"
	},
	{
		"result": "alreadyInGame"
	},
	{
		"result": "ok"
	},
	{
		"result": "badGameState"
	},
	{
		"result": "ok"
	},
	{
		"result": "tooManyPlayers"
	},
	{
		"result": "ok"
	},
	{
		"result": "ok"
	}
]