[
	{
		"result": "ok"
	},
	{
		"result": "ok"
	},
	{
		"result": "ok",
		"sid": 1
	},
	{
		"result": "badMap"
	},
	{
		"result": "badNumberOfPlayers"
	},
	{
		"result": "badGameName"
	},
	{
		"result": "ok",
		"gameId": 1
	},
	{
		"result": "alreadyInGame"
	},
	{
		"result": "ok"
	},
	{
		"result": "ok",
		"sid": 2
	},
	{
		"result": "badGameDescription"
	},
	{
		"result": "badGameName"
	}
]