[
	{
		"result": "ok"
	},
	{
		"result": "ok"
	},
	{
		"result": "ok"
	},
	{
		"result": "ok",
		"sid": 1
	},
	{
		"result": "ok"
	},
	{
		"result": "ok",
		"sid": 2
	},
	{
		"result": "ok",
		"gameId": 1,
		"regions": [1, 2, 3, 4, 5, 6, 7, 8, 9, 10, 11, 12, 13, 14, 15, 16, 17, 18, 19, 20, 21, 22, 23, 24, 25, 26, 27, 28, 29, 30]
	},
	{
		"result": "ok"
	},
	
	{
		"result": "ok"
	},
	
	{
		"result": "ok"
	},
	{
		"result": "ok",
		"tokenBadgeId": 3
	},
	{
		"result": "badStage"
	},
	{
		"result": "badStage"
	},
	{
		"result": "badStage"
	},
	{
		"result": "ok"
	},
	{
		"result": "ok"
	},
	{
		"result": "ok"
	},
	{
		"result": "ok"
	},
	{
		"result": "ok"
	},
	{
		"result": "badStage"
	},
	{
		"result": "ok",
		"nextPlayer": 2,
		"coins": 13
	},
	
	{
		"result": "badStage"
	},
	{
		"result": "ok",
		"tokenBadgeId": 2
	},
	{
		"result": "ok"
	},
	{
		"result": "ok"
	},
	{
		"result": "badStage"
	},
	{
		"result": "ok"
	},
	{
		"result": "ok"
	},
	{
		"result": "ok"
	},
	{
		"result": "ok",
		"nextPlayer": 1,
		"coins": 10
	},
	{
		"result": "ok"
	},
	{
		"result": "ok"
	},
	{
		"result": "ok"
	},
	{
		"result": "ok",
		"nextPlayer": 2,
		"coins": 23
	},
	{
		"result": "ok"
	},
	{
		"result": "ok"
	},
	{
		"result": "ok"
	},
	{
		"result": "ok",
		"nextPlayer": 1,
		"coins": 17
	},
	
	{
		"result": "badStage"
	},
	{
		"result": "ok"
	},
	{
		"result": "badStage"
	},
	{
		"result": "badStage"
	},
	{
		"result": "badStage"
	},
	{
		"result": "ok",
		"nextPlayer": 2,
		"coins": 29
	},
	{
		"result": "ok"
	},
	{
		"result": "ok"
	},
	{
		"result": "ok",
		"nextPlayer": 1,
		"coins": 25
	},
	{
		"result": "ok",
		"tokenBadgeId": 1
	},
	{
		"result": "ok"
	},
	{
		"result": "badStage"
	},
	{
		"result": "badStage" 
	},
	{
		"result": "badRegion"
	},
	{
		"result": "notEnoughTokens"
	},
	{
		"result": "thereAreTokensInTheHand"
	},
	{
		"result": "ok"
	},
	{
		"result": "badStage"
	},
	{
		"result": "ok"
	},
	{
		"result": "ok"
	},
	{
		"result": "ok",
		"nextPlayer": 2,
		"coins": 47
	},
	{
		"result": "ok"
	},
	{
		"result": "ok",
		"nextPlayer": 1,
		"coins": 32
	},
	{
		"result": "badRegion"
	},
	{
		"result": "badRegion"
	},
	{
		"result": "ok"
	}
	

]
			 

