[	
	{
		"result": "ok"
	},
	{
		"result": "ok"
	},
	{
		"result": "ok"
	},
	{
		"result": "ok",
		"sid": 1,  "userId": 1
	},
	{
		"result": "ok"
	},
	{
		"result": "ok",
		"sid": 2,  "userId": 2
	},
	{
		"result": "ok",
		"gameId": 1
	},
	{
		"result": "ok"
	},
	
	{
		"result": "ok"
	},
	
	{
		"result": "ok"
	},
	{
		"result": "ok",
		"tokenBadgeId": 1
	},
	{
		"result": "ok"
	},
	{
		"result": "ok"
	},
	{
		"result": "ok"
	},
	{
		"result": "ok"
	},
	{
		"result": "ok"
	},
	{"statistics": [["Regions", 1], ["Amazons", 0], ["Diplomat", 0]], "result": "ok"},
	{
		"result": "ok",
		"tokenBadgeId": 2
	},
	{
		"result": "ok"
	},
	{
		"result": "ok"
	},
	{
		"result": "ok"
	},
	{"result": "ok",
 "statistics": [["Regions", 1], ["Dwarves", 0], ["Forest", 0]]},
	{
		"result": "ok"
	},
	{
		"result": "ok"
	},
	{
		"result": "ok"
	},
	{"result": "ok",
 "statistics": [["Regions", 2], ["Amazons", 0], ["Diplomat", 0]]},
	{
		"result": "badRegion"
	},
	{
		"result": "ok"
	},
	{
		"result": "ok"
	},
	{"result": "ok",
 "statistics": [["Regions", 2], ["Dwarves", 1], ["Forest", 0]]},
	{
		"result": "ok"
	},
	{
		"result": "ok"
	},
	{"result": "ok",
 "statistics": [["Regions", 3], ["Amazons", 0], ["Diplomat", 0]]},
	{
		"result": "ok"
	}
]