[	
	{
		"result": "ok"
	},{
		"result": "ok"
	},
	{
		"result": "ok"
	},
	{
		"result": "ok",
		"sid": 1,  "userId": 1
	},
	{
		"result": "ok"
	},
	{
		"result": "ok",
		"sid": 2,  "userId": 2
	},
	{
		"result": "ok",
		"gameId": 1
	},
	{
		"result": "ok"
	},
	
	{
		"result": "ok"
	},
	
	{
		"result": "ok"
	},
	{
		"result": "ok",
		"tokenBadgeId": 1
	},
	{
		"result": "ok"
	},
	{
		"result": "ok"
	},
	{
		"result": "ok"
	},
	{
		"statistics": [["Regions", 1], ["Skeletons", 0], ["Bivouacking", 0]], 
		"result": "ok"
	}

]