[	
	{
		"result": "ok"
	},{
		"result": "ok"
	},
	{
		"result": "ok"
	},
	{
		"result": "ok",
		"sid": 1,  "userId": 1
	},
	{
		"result": "ok"
	},
	{
		"result": "ok",
		"sid": 2,  "userId": 2
	},
	{
		"result": "ok",
		"gameId": 1
	},
	{
		"result": "ok"
	},
	
	{
		"result": "ok"
	},
	
	{
		"result": "ok"
	},
	{
		"result": "ok",
		"tokenBadgeId": 1
	},
	{
		"result": "ok"
	},
	{
		"result": "ok"
	},
	{
		"result": "ok"
	},
	{
		"result": "ok"
	},
	{
		"statistics": [["Regions", 3], ["Trolls", 0], ["Bivouacking", 0]], 
		"result": "ok"},
	{
		"result": "ok",
		"tokenBadgeId": 2
	},
	{
		"result": "ok"
	},
	{
		"result": "ok"
	},
	{
		"result": "ok"
	},
	{
		"result": "ok",
		"statistics": [["Regions", 1], ["Dwarves", 1], ["DragonMaster", 0]]},
	{
		"result": "ok"
	},
	{
		"result": "ok",
		"statistics": [["Regions", 2], ["Trolls", 0], ["Bivouacking", 0]]},
	{
		"result": "ok"
	},
	{
		"result": "badTokensNum",
		"dice": 0
	}

]