[	
	{
		"result": "ok"
	},
	{
		"result": "ok"
	},
	{
		"result": "ok"
	},
	{
		"result": "ok",
		"sid": 1,  "userId": 1
	},
	{
		"result": "badMapId"
	},
	{
		"result": "badGameName"
	},
	{
		"result": "ok",
		"gameId": 1
	},
	{
		"result": "alreadyInGame"
	},
	{
		"result": "ok"
	},
	{
		"result": "ok",
		"sid": 2,  "userId": 2
	},
	{
		"result": "badGameDescription"
	},
	{
		"result": "gameNameTaken"
	}
]