	[
		{
		"result": "ok"
	},
	{
		"result": "ok",
		"id": 1
	},
	{
		"result": "ok",
		"sid": 1
	},
	{
		"result": "ok",
		"id": 2
	},
	{
		"result": "ok",
		"sid": 2
	},
	{
		"result": "ok",
		"id": 3
	},
	{
		"result": "ok", 
		"sid": 3
	},
	{
		"result": "ok",
		"id": 4
	},
	{
		"result": "ok", 
		"sid": 4
	},
	{
		"result": "ok",
		"id": 5
	},
	{
		"result": "ok", 
		"sid": 5
	},
	{
		"result": "badSid"		
	},
	{
		"result": "badMapId"		
	},
	{
		"result": "badJson"		
	},
	{
		"result": "ok"
	},
	{
		"result": "badGameName"
	},
	{
		"result": "ok",
		"gameId": 1
	},
	{
		"result": "badGameName"
	},
	{
		"result": "alreadyInGame"
	},
	{
		"result": "ok",
		"gameId": 2
	},
	{
		"result": "alreadyInGame"
	}
]