[	{
		"result": "ok"
	},
	{
		"result": "ok"
	},
	{
		"result": "ok",
		"id": 1
	},
	{
		"result": "ok",
		"sid": 1
	},
	{
		"result": "ok",
		"id": 2
	},
	{
		"result": "ok",
		"sid": 2
	},
	{
		"result": "ok",
		"gameId": 1
	},
	{
		"result": "ok"
	},
	
	{
		"result": "ok"
	},
	
	{
		"result": "ok"
	},
	{
		"result": "ok",
		"tokenBadgeId": 6
	},
	{
		"result": "ok"
	},
	{
		"result": "ok"
	},
	{
		"result": "ok"
	},
	{
		"result": "ok"
	},
	{
		"result": "ok",
		"nextPlayer" : 2,
		"coins" : 3
	},
	{
		"result": "ok",
		"tokenBadgeId": 5
	},
	{
		"result": "ok"
	},
	{
		"result": "badTokensNum",
		"dice": 0
	}

]