[	{
		"result": "ok"
	},
	{
		"result": "ok"
	},
	{
		"result": "ok"
	},
	{
		"result": "ok",
		"sid": 1
	},
	{
		"result": "badGameId"
	},
	{
		"result": "badSid"
	},
	{
		"result": "notInGame"
	},
	{
		"result": "ok",
		"gameId": 1,
		"regions": []
	},
	{
		"result": "alreadyInGame"
	},
	{
		"result": "alreadyInGame"
	},
	{
		"result": "ok"
	},
	{
		"result": "notInGame"
	},
	{
		"result": "badGameState"
	},
	{
		"result": "ok",
		"gameId": 2,
		"regions": [1, 2, 3, 4]
	},
	{
		"result": "alreadyInGame"
	}
]