[	
	{
		"result": "ok"
	},{
		"result": "ok"
	},
	{
		"result": "ok"
	},
	{
		"result": "ok",
		"sid": 1,  "userId": 1
	},
	{
		"result": "ok"
	},
	{
		"result": "ok",
		"sid": 2,  "userId": 2
	},
	{
		"result": "ok",
		"gameId": 1
	},
	{
		"result": "ok"
	},
	
	{
		"result": "ok"
	},
	
	{
		"result": "ok"
	},
	{
		"result": "ok",
		"tokenBadgeId": 1
	},
	{
		"result": "ok"
	},
	{
		"result": "ok"
	},
	{
		"result": "ok"
	},
	{
		"result": "ok"
	},
	{
		"result": "ok"
	},
	{
		"statistics": [["Regions", 4], ["Amazons", 0], ["Forest", 0]], 
		"result": "ok"
	},
	{
		"result": "ok",
		"tokenBadgeId": 2
	},
	{
		"result": "badRegion"
	},
	{
		"result": "badRegion"
	},
	{
		"result": "ok"
	},
	{
		"result": "ok"
	},
	{
		"result": "ok"
	},
	{
		"statistics": [["Regions", 1], ["Sorcerers", 0], ["Berserk", 0]], 
		"result": "ok"
	},
	{
		"result": "ok"
	},
	{
		"result": "ok"
	},
	{
		"result": "ok",
		"statistics": [["Regions", 4], ["Amazons", 0], ["Forest", 0]]
	},
	{
		"result": "ok"
	},
	{
		"result": "badStage"
	}

]