[
	{
		"result": "ok"
	},
	{
		"result": "ok"
	},
	{
		"result": "ok"
	},
	{
		"result": "ok",
		"sid": 1
	},
	{
		"result": "ok"
	},
	{
		"result": "ok",
		"sid": 2
	},
	{
		"result": "ok",
		"gameId": 1,
		"regions": [1, 2, 3, 4, 5, 6, 7, 8, 9, 10, 11, 12, 13, 14, 15, 16, 17, 18, 19, 20, 21, 22, 23, 24, 25, 26, 27, 28, 29, 30]
	},
	{
		"result": "ok"
	},
	
	{
		"result": "ok"
	},
	
	{
		"result": "ok"
	},
	
	{
		"result": "ok",
		"tokenBadgeId": 4
	},

	{
		"result": "ok"
	},
	{
		"result": "ok",
		"nextPlayer" : 2,
		"coins": 3
	},
	{
		"result": "ok",
		"tokenBadgeId": 5
	},
	{
		"result": "badStage"
	},
	
	{
		"result": "ok"
	},
	{
		"result": "ok",
		"nextPlayer" : 1,
		"coins": 3
	},
	
	{
		"result": "ok"
	},
	{
		"result": "badStage"
	}
	
]