[	{
		"result": "ok"
	},
	{
		"result": "ok"
	},
	{
		"result": "ok"
	},
	{
		"result": "ok",
		"sid": 1
	},
	{
		"result": "ok"
	},
	{
		"result": "ok",
		"sid": 2
	},
	{
		"result": "ok",
		"gameId": 1
	},
	{
		"result": "ok"
	},
	
	{
		"result": "ok"
	},
	{
		"result": "ok"
	},
	
	{
		"result" : "badStage"
	},
	
	{
		"result": "badChoice"
	},
	
		
	{
		"result": "ok",
		"tokenBadgeId": 4
	},
	
	
	{
		"result" : "badStage"
	},
	
	
	{
		"result" : "badStage"
	},
	
		
	{
		"result" : "badRegionId"
	},
	
	{
		"result" : "badRegion"
	},
	
	{
		"result" : "ok"
	},
	
	{
		"result" : "badRegion"
	},
	
	{
		"result" : "ok"
	},
	
	{
		"result" : "badStage"
	},
	
	{
		"result" : "ok",
		"nextPlayer" : 2
	}
	
		
]











