[
	{
		"result": "ok"
	},
	{
		"result": "ok"
	},
	{
		"result": "ok",
		"sid": 1
	},
	{
		"result": "ok"
	},
	{
		"result": "ok",
		"sid": 2
	},
	{
		"result": "ok"
	},
	{
		"result": "ok",
		"sid": 3
	},
	{
		"result": "ok"
	},
	{
		"result": "ok",
		"sid": 4
	},
	{
		"result": "ok"
	},
	{
		"result": "ok",
		"sid": 5
	},
	{
		"result": "ok",
		"gameId": 1
	},
	{
		"result": "ok",
		"gameId": 2
	},
	{
		"result": "alreadyInGame"
	},
	{
		"result": "ok"
	},
	{
		"result": "tooManyPlayers"
	},
	{
		"result": "notInGame"
	},
	{
		"result": "ok"
	},
	{
		"result": "notInGame"
	},
	{
		"result": "ok"
	},
	{
		"result": "ok"
	},
	{
		"result": "ok"
	},
	{
		"result": "badGameState"
	},
	{
		"result": "ok",
		"games": 
		[
			{
				"activePlayer": 1,
				"gameId": 1,
				"gameName": "game1",
				"players":
				[
					{
						"userId": 1,
						"username": "user1",
						"state": 1,
						"sid": 1,
						"priority": 1
					},
					{
						"userId": 4,
						"username": "user4",
						"state": 1,
						"sid": 4,
						"priority": 2
					}
				],
				"map":
				{
					"mapId": 1,
					"mapName": "defaultMap1",
					"playersNum": 2,
					"turnsNum": 5
				},
				"playersNum": 2,
				"state": 2,
				"turn": 0
			},
			{
				"activePlayer": null,
				"gameId": 2,
				"gameName": "game2",
				"players":
				[
					{
						"userId": 3,
						"username": "user3",
						"state": 0,
						"sid": 3,
						"priority": 1
					}
				],
				"map":
				{
					"mapId": 2,
					"mapName": "defaultMap2",
					"playersNum": 3,
					"turnsNum": 5
				},
				"playersNum": 1,
				"state": 1,
				"turn": null
			}
		]
	
	}
]