[	{
		"result": "ok"
	},
	{
		"result": "ok"
	},
	{
		"result": "badSid"
	},
	{
		"result": "ok"
	},
	{
		"result": "ok",
		"sid": 1
	},
	{
		"result": "ok"
	},
	{
		"result": "ok",
		"sid": 2
	},
	{
		"result": "ok"
	},
	{
		"result": "ok",
		"sid": 3
	},
	{
		"result": "ok", 
		"gameId": 1,
		"regions": [1, 2, 3, 4]
	},
	{
		"result": "badIsReady"
	},
	{
		"result": "badIsReady"
	},
	{
		"result": "badIsReady"
	},
	{
		"result": "ok"
	},
	{
		"result": "ok"
	},
	{
		"result": "ok"
	},
	{
		"result": "ok"
	},
	{
		"result": "ok"
	},
	{
		"result": "ok"
	},
	{
		"result": "ok"
	},
	{
		"result": "badGameState"
	},
	{
		"result": "badGameState"
	},
	{
		"result": "notInGame"
	}
]