[
	{
		"result": "ok"
	}, 
	{
		"result": "ok"
	}, 
	{
		"result": "ok", 
		"sid": 458024697
	}, 
	{
		"result": "ok", 
		"sid": 5390812924
	}, 
	{
		"result": "ok"
	}, 
	{
		"result": "ok"
	}, 
	{
		"result": "ok"
	}, 
	{
		"result": "ok"
	}, 
	{
		"result": "ok"
	}, 
	{
		"result": "badSid"
	}, 
	{
		"result": "ok"
	}
]